// Jest Snapshot v1, https://goo.gl/fbAQLP

exports[`replCommand Should run 'repl' with empty args and flags and throw an error. 1`] = `
Array [
  "",
  "",
  "> ",
  "",
]
`;
